01-deny-all-traffic-to-an-application:app=web:
  01-deny-all-traffic-to-an-application:app=web:
    -TCP/*:
      success: true
    -UDP/*:
      success: true
