max-length-labels:253-characters-or-less.xxxxxxxxxxxxxxxxxxxxxxxxxxxxxxxxxxxxxxxxxxxxxxxxxxxxxxxxxxxxxxxxxxxxxxxxxxxxxxxxxxxxxxxxxxxxxxxxxxxxxxxxxxxxxxxxxxxxxxxxxxxxxxxxxxxxxxxxxxxxxxxxxxxxxxxxxxxxxxxxxxxxxxxxxxxxxxxxxxxxxxxxxxxxxxxxxxxxxxxxxxxxxxxxxxxxxxxxxxxxxxxxxxxxxx/63-characters-or-less_xxxxxxxxxxxxxxxxxxxxxxxxxxxxxxxxxxxxxxxxx=63-characters-or-less_xxxxxxxxxxxxxxxxxxxxxxxxxxxxxxxxxxxxxxxxx:
  max-length-labels:253-characters-or-less.xxxxxxxxxxxxxxxxxxxxxxxxxxxxxxxxxxxxxxxxxxxxxxxxxxxxxxxxxxxxxxxxxxxxxxxxxxxxxxxxxxxxxxxxxxxxxxxxxxxxxxxxxxxxxxxxxxxxxxxxxxxxxxxxxxxxxxxxxxxxxxxxxxxxxxxxxxxxxxxxxxxxxxxxxxxxxxxxxxxxxxxxxxxxxxxxxxxxxxxxxxxxxxxxxxxxxxxxxxxxxxxxxxxxxx/63-characters-or-less_xxxxxxxxxxxxxxxxxxxxxxxxxxxxxxxxxxxxxxxxx=63-characters-or-less_xxxxxxxxxxxxxxxxxxxxxxxxxxxxxxxxxxxxxxxxx:
    -*:
      success: true
